::target_module::target_subroutine::c2,8
::target_module::target_subroutine::b2,8
::target_module::target_subroutine::result,16
::target_module::target_subroutine::a2,8
::target_module::c0,4
::target_module::b0,4
::target_module::a0,4
::target_module::c1,8
::target_module::b1,8
::target_module::a1,8
