::target_module::sum
::target_module::power
::target_module::target_subroutine
::target_module
