/glade/u/home/jdvanover/precimonious-w-rose/tests/literal_expression_test/main.f90
/glade/u/home/jdvanover/precimonious-w-rose/tests/literal_expression_test/target_module.f90
