/glade/u/home/jdvanover/precimonious-w-rose/tests/expression_as_argument_test/main.F90
/glade/u/home/jdvanover/precimonious-w-rose/tests/expression_as_argument_test/target_module.f90
