0.22654390335083008
0.23072552680969238
0.22634291648864746
0.2511425018310547
0.23373150825500488
0.22714877128601074
0.22445440292358398
0.2309281826019287
0.2528824806213379
0.27145910263061523
0.23445916175842285
0.23712778091430664
