0.5511155128479004
0.5482521057128906
0.5500493049621582
0.5627920627593994
0.561208963394165
0.5409467220306396
0.5381731986999512
0.543236255645752
0.5445201396942139
0.5755183696746826
0.5584361553192139
0.555361270904541
