::target_module::target_subroutine::array,8
::target_module::target_subroutine::c1,8
::target_module::target_subroutine::a0,4
::target_module::target_subroutine::result,16
::target_module::target_subroutine::b0,4
::target_module::target_subroutine::c0,4
::target_module::target_subroutine::a1,8
::target_module::target_subroutine::b1,8
