/glade/u/home/jdvanover/precimonious-w-rose/tests/derivedTypes_exiting_test/target_module.f90
/glade/u/home/jdvanover/precimonious-w-rose/tests/derivedTypes_exiting_test/main.f90
/glade/u/home/jdvanover/precimonious-w-rose/tests/derivedTypes_exiting_test/auxiliary_module.f90
