 out:    1.00000000000000000000000000000000000      
 time:            0
