0.5287432670593262
0.5511960983276367
0.6016404628753662
0.5943756103515625
0.5779192447662354
0.566232442855835
0.5749382972717285
0.5809719562530518
0.5602507591247559
0.5695943832397461
