/glade/u/home/jdvanover/precimonious-w-rose/tests/derivedTypes_simple_test/main.f90
/glade/u/home/jdvanover/precimonious-w-rose/tests/derivedTypes_simple_test/target_module.f90
