 out:    56.876050970754271     
 time:            0
