 out:   -37822859266.000000     
 time:            0
