/glade/u/home/jdvanover/precimonious-w-rose/tests/keywordArguments_test/target_module.f90
/glade/u/home/jdvanover/precimonious-w-rose/tests/keywordArguments_test/main.f90
/glade/u/home/jdvanover/precimonious-w-rose/tests/keywordArguments_test/auxiliary_module.f90
