/glade/u/home/jdvanover/precimonious-w-rose/tests/ambiguous_interface_test/target_module.f90
/glade/u/home/jdvanover/precimonious-w-rose/tests/ambiguous_interface_test/auxiliary_module.f90
/glade/u/home/jdvanover/precimonious-w-rose/tests/ambiguous_interface_test/main.f90
