 out:   -2.7182817459106445     
 time:            0
