 out:   0.12500000000000000     
 time:            0
