 out:    56.876050877377075     
 time:            0
