/glade/u/home/jdvanover/precimonious-w-rose/tests/returnValues_test/main.f90
/glade/u/home/jdvanover/precimonious-w-rose/tests/returnValues_test/target_module.f90
/glade/u/home/jdvanover/precimonious-w-rose/tests/returnValues_test/auxiliary_module.f90
