::target_module::foo
::target_module::target_subroutine
::target_module
