/glade/u/home/jdvanover/precimonious-w-rose/tests/constant_as_argument_test/target_module.f90
/glade/u/home/jdvanover/precimonious-w-rose/tests/constant_as_argument_test/main.F90
