::target_module::target_subroutine::result,variableType=scalar,kind=8
