0.3023207187652588
0.2759089469909668
0.27189016342163086
0.26859164237976074
