0.542924165725708
0.5815417766571045
0.5722155570983887
0.5766446590423584
