::target_module::target_subroutine::result;::main::result;
