 out:   -2.7182818284590451     
 time:            0
