0.5326416492462158
0.5447068214416504
0.5707712173461914
0.5576272010803223
0.5506327152252197
0.5491113662719727
0.5540030002593994
0.5567505359649658
0.5677077770233154
0.5504512786865234
0.5638537406921387
0.5690484046936035
0.5719826221466064
0.5841741561889648
