/glade/u/home/jdvanover/precimonious-w-rose/tests/array_literal_arg_test/target_module.f90
/glade/u/home/jdvanover/precimonious-w-rose/tests/array_literal_arg_test/main.f90
/glade/u/home/jdvanover/precimonious-w-rose/tests/array_literal_arg_test/auxiliary_module.f90
