                    Coverage Summary
                    ----------------

Files:       total     cvrd   uncvrd   cvrg%
             -----     ----   ------  ------
                 4        4        0  100.00


Functions:   total     cvrd   uncvrd   cvrg%
             -----     ----   ------  ------
                 7        7        0  100.00


Blocks:      total     cvrd   uncvrd   cvrg%
             -----     ----   ------  ------
                36       35        1   97.22


Lines:       total     cvrd   uncvrd   cvrg%
             -----     ----   ------  ------
                22       21        1   95.45



--------------------------------------------------------------------------------------------------------------------

                          Covered Files
                          -------------

Name                                                                                               Functions                       Blocks                        Lines
----                                                                                               ---------                       ------                        -----
                                                                                             total    cvrd     cvrg%       total    cvrd     cvrg%       total    cvrd     cvrg%
                                                                                           -------- --------   -----     -------- --------   -----     -------- --------   -----
/glade/u/home/jdvanover/precimonious-w-rose/tests/aliasing_test/auxiliary_module_1.f90            1        1  100.00            5        4   80.00            4        3   75.00
/glade/u/home/jdvanover/precimonious-w-rose/tests/aliasing_test/auxiliary_module_3.f90            3        3  100.00            9        9  100.00            6        6  100.00
/glade/u/home/jdvanover/precimonious-w-rose/tests/aliasing_test/main.f90                          1        1  100.00           10       10  100.00            4        4  100.00
/glade/u/home/jdvanover/precimonious-w-rose/tests/aliasing_test/target_module.f90                 2        2  100.00           12       12  100.00            8        8  100.00
