 out:    56.876052856445312     
 time:            0
