 out:    94.783030616552978     
 time:            0
