::auxiliary_module::right::result;::target_module::target_subroutine::result1;
::auxiliary_module::right::result;::target_module::target_subroutine::result2;
::auxiliary_module::right::op1_in;::target_module::target_subroutine::i_in;
::auxiliary_module::right::op2_in;::target_module::target_subroutine::result1;
::auxiliary_module::right::result;::target_module::target_subroutine::result3;
::auxiliary_module::right::op2_in;::target_module::target_subroutine::result2;
::auxiliary_module::right::result;::target_module::target_subroutine::result4;
::auxiliary_module::right::op2_in;::target_module::target_subroutine::result3;
::auxiliary_module::right::op1_in;::target_module::target_subroutine::i_in;
::auxiliary_module::right::result;::target_module::target_subroutine::result;
::target_module::target_subroutine::result;::main::result;
