/glade/u/home/jdvanover/precimonious-w-rose/tests/optionalArguments_test/auxiliary_module.f90
/glade/u/home/jdvanover/precimonious-w-rose/tests/optionalArguments_test/target_module.f90
/glade/u/home/jdvanover/precimonious-w-rose/tests/optionalArguments_test/main.f90
