0.5348200798034668
0.5480129718780518
0.5429110527038574
0.542255163192749
0.5499827861785889
0.5345745086669922
0.5564720630645752
0.5533032417297363
0.5499835014343262
0.5479800701141357
0.5399894714355469
0.5686421394348145
0.5466046333312988
0.5584027767181396
