0.5448038578033447
0.5793404579162598
0.5962238311767578
0.5752646923065186
