 out:    34.000000000000000     
 time:            0
