 out:    94.783030240717466     
 time:            0
