::target_module::target_subroutine::array,variableType=array,kind=8
::target_module::target_subroutine::result,variableType=scalar,kind=16
