 out:    7.0000000000000000     
 time:            0
