/glade/u/home/jdvanover/precimonious-w-rose/tests/interface_literals_test/auxiliary_module.f90
/glade/u/home/jdvanover/precimonious-w-rose/tests/interface_literals_test/main.f90
/glade/u/home/jdvanover/precimonious-w-rose/tests/interface_literals_test/target_module.f90
