 out:    56.876050913236881     
 time:            0
